
412345|Demo Pre-paid BIN                                                                                                                                                                                                                                                                                    
607385|BOM RUPAY DEBIT                                                                                                                                                                                                                                                                                      
412346|Test Debit BIN                                                                                                                                                                                                                                                                                       
421409|BOM VISA                                                                                                                                                                                                                                                                                             
607401|BOM VISA INSTA                                                                                                                                                                                                                                                                                       
222222|TEST DEBIT CARD                                                                                                                                                                                                                                                                                      
123456|TEST CREDIT CARD                                                                                                                                                                                                                                                                                     
654321|TEST CHRG CARD                                                                                                                                                                                                                                                                                       
62|zhongxin                                                                                                                                                                                                                                                                                                 
888888|YUFU                                                                                                                                                                                                                                                                                                 
888886|YUFU1                                                                                                                                                                                                                                                                                                
201405|MAY TEST                                                                                                                                                                                                                                                                                             
666666|???bin                                                                                                                                                                                                                                                                                               
